---
source: src/nasl/syntax/parser/tests.rs
expression: "crate :: nasl :: syntax :: parser :: tests ::\nparse_program_ok(stringify! (multiple_declarations),\n\"a = 1;\n     b = 2;\n     c = 3;\").into_iter().map(| stmt |\nstmt.to_string()).collect :: < Vec < _ >> ().join(\"\\n\")"
---
a = 1;
b = 2;
c = 3;
