---
source: src/nasl/syntax/parser/tests.rs
expression: "crate :: nasl :: syntax :: parser :: tests ::\nparse_program_ok(stringify! (array_literal),\n\"a = [1, 2, 3];\").into_iter().map(| stmt | stmt.to_string()).collect :: < Vec\n< _ >> ().join(\"\\n\")"
---
a = [1, 2, 3];
