---
source: src/nasl/syntax/parser/tests.rs
expression: "crate :: nasl :: syntax :: parser :: tests ::\nparse_program_ok(stringify! (function_declaration),\n\"function a(b) {c;}\").into_iter().map(| stmt | stmt.to_string()).collect :: <\nVec < _ >> ().join(\"\\n\")"
---
function a (b) {
  c;
}
