---
source: src/nasl/syntax/parser/tests.rs
expression: "crate :: nasl :: syntax :: parser :: tests :: parse_ok :: < Stmt >\n(stringify! (var_assignment), \"x = 3;\")"
---
x = 3;
