---
source: src/nasl/syntax/parser/tests.rs
expression: "crate :: nasl :: syntax :: parser :: tests ::\nparse_program_ok(stringify! (assignment_in_while_loop_condition),\nr###\"\n    while(y = recv(socket:soc, length:1024)) {\n        buf1 += y;\n    }\n    \"###).into_iter().map(|\nstmt | stmt.to_string()).collect :: < Vec < _ >> ().join(\"\\n\")"
---
while (y = recv(socket: soc, length: 1024)) {
  buf1 += y;
}
