---
source: src/nasl/syntax/parser/tests.rs
expression: "crate :: nasl :: syntax :: parser :: tests :: parse_err :: < Expr >\n(stringify! (increment_without_place_expr1), \"5++\")"
---
error: Not a valid assignment target.
  ┌─ increment_without_place_expr1:1:1
  │
1 │ 5++
  │ ^ Not a valid assignment target.
