---
source: src/nasl/syntax/parser/tests.rs
expression: "crate :: nasl :: syntax :: parser :: tests ::\nparse_program_ok(stringify! (array),\n\"a[1];\").into_iter().map(| stmt | stmt.to_string()).collect :: < Vec < _ >>\n().join(\"\\n\")"
---
a[1];
