---
source: src/nasl/syntax/parser/tests.rs
expression: "crate :: nasl :: syntax :: parser :: tests :: parse_err :: < Stmt >\n(stringify! (assignment_without_place_expr3), \"a(1) = 3;\")"
---
error: Not a valid assignment target.
  ┌─ assignment_without_place_expr3:1:1
  │
1 │ a(1) = 3;
  │ ^^^^ Not a valid assignment target.
