---
source: src/nasl/syntax/parser/tests.rs
expression: "crate :: nasl :: syntax :: parser :: tests ::\nparse_program_ok(stringify! (increment_operators_postfix),\n\"a++; a--;\").into_iter().map(| stmt | stmt.to_string()).collect :: < Vec < _\n>> ().join(\"\\n\")"
---
a++;
a--;
