---
source: src/nasl/syntax/parser/tests.rs
expression: "crate :: nasl :: syntax :: parser :: tests ::\nparse_program_ok(stringify! (repeat_loop),\n\"repeat a; until (b);\").into_iter().map(| stmt | stmt.to_string()).collect ::\n< Vec < _ >> ().join(\"\\n\")"
---
repeat {
  a;
} until (b);
