---
source: src/nasl/syntax/statement.rs
expression: stmt
snapshot_kind: text
---
while (a) {b}
