---
source: src/nasl/syntax/statement.rs
expression: stmt
snapshot_kind: text
---
if (a) b else c
