---
source: src/get_scans_id_results_id.rs
expression: resp
---
{"id":42,"type":"log"}
