---
source: src/post_scans.rs
expression: resp
---
"response_id"
